Archive member included because of file (symbol)

c:/program files (x86)/atmel/atmel toolchain/avr8 gcc/native/3.4.1061/avr8-gnu-toolchain/bin/../lib/gcc/avr/4.8.1/../../../../avr/lib/avr51\libm.a(addsf3.o)
                              src/modules/lcd12864.o (__subsf3)
c:/program files (x86)/atmel/atmel toolchain/avr8 gcc/native/3.4.1061/avr8-gnu-toolchain/bin/../lib/gcc/avr/4.8.1/../../../../avr/lib/avr51\libm.a(addsf3x.o)
                              c:/program files (x86)/atmel/atmel toolchain/avr8 gcc/native/3.4.1061/avr8-gnu-toolchain/bin/../lib/gcc/avr/4.8.1/../../../../avr/lib/avr51\libm.a(addsf3.o) (__addsf3x)
c:/program files (x86)/atmel/atmel toolchain/avr8 gcc/native/3.4.1061/avr8-gnu-toolchain/bin/../lib/gcc/avr/4.8.1/../../../../avr/lib/avr51\libm.a(fixsfsi.o)
                              src/modules/lcd12864.o (__fixsfsi)
c:/program files (x86)/atmel/atmel toolchain/avr8 gcc/native/3.4.1061/avr8-gnu-toolchain/bin/../lib/gcc/avr/4.8.1/../../../../avr/lib/avr51\libm.a(fixunssfsi.o)
                              c:/program files (x86)/atmel/atmel toolchain/avr8 gcc/native/3.4.1061/avr8-gnu-toolchain/bin/../lib/gcc/avr/4.8.1/../../../../avr/lib/avr51\libm.a(fixsfsi.o) (__fixunssfsi)
c:/program files (x86)/atmel/atmel toolchain/avr8 gcc/native/3.4.1061/avr8-gnu-toolchain/bin/../lib/gcc/avr/4.8.1/../../../../avr/lib/avr51\libm.a(floatsisf.o)
                              src/modules/adc.o (__floatunsisf)
c:/program files (x86)/atmel/atmel toolchain/avr8 gcc/native/3.4.1061/avr8-gnu-toolchain/bin/../lib/gcc/avr/4.8.1/../../../../avr/lib/avr51\libm.a(fp_inf.o)
                              c:/program files (x86)/atmel/atmel toolchain/avr8 gcc/native/3.4.1061/avr8-gnu-toolchain/bin/../lib/gcc/avr/4.8.1/../../../../avr/lib/avr51\libm.a(addsf3x.o) (__fp_inf)
c:/program files (x86)/atmel/atmel toolchain/avr8 gcc/native/3.4.1061/avr8-gnu-toolchain/bin/../lib/gcc/avr/4.8.1/../../../../avr/lib/avr51\libm.a(fp_nan.o)
                              c:/program files (x86)/atmel/atmel toolchain/avr8 gcc/native/3.4.1061/avr8-gnu-toolchain/bin/../lib/gcc/avr/4.8.1/../../../../avr/lib/avr51\libm.a(addsf3x.o) (__fp_nan)
c:/program files (x86)/atmel/atmel toolchain/avr8 gcc/native/3.4.1061/avr8-gnu-toolchain/bin/../lib/gcc/avr/4.8.1/../../../../avr/lib/avr51\libm.a(fp_pscA.o)
                              c:/program files (x86)/atmel/atmel toolchain/avr8 gcc/native/3.4.1061/avr8-gnu-toolchain/bin/../lib/gcc/avr/4.8.1/../../../../avr/lib/avr51\libm.a(addsf3x.o) (__fp_pscA)
c:/program files (x86)/atmel/atmel toolchain/avr8 gcc/native/3.4.1061/avr8-gnu-toolchain/bin/../lib/gcc/avr/4.8.1/../../../../avr/lib/avr51\libm.a(fp_pscB.o)
                              c:/program files (x86)/atmel/atmel toolchain/avr8 gcc/native/3.4.1061/avr8-gnu-toolchain/bin/../lib/gcc/avr/4.8.1/../../../../avr/lib/avr51\libm.a(addsf3x.o) (__fp_pscB)
c:/program files (x86)/atmel/atmel toolchain/avr8 gcc/native/3.4.1061/avr8-gnu-toolchain/bin/../lib/gcc/avr/4.8.1/../../../../avr/lib/avr51\libm.a(fp_round.o)
                              c:/program files (x86)/atmel/atmel toolchain/avr8 gcc/native/3.4.1061/avr8-gnu-toolchain/bin/../lib/gcc/avr/4.8.1/../../../../avr/lib/avr51\libm.a(addsf3.o) (__fp_round)
c:/program files (x86)/atmel/atmel toolchain/avr8 gcc/native/3.4.1061/avr8-gnu-toolchain/bin/../lib/gcc/avr/4.8.1/../../../../avr/lib/avr51\libm.a(fp_split3.o)
                              c:/program files (x86)/atmel/atmel toolchain/avr8 gcc/native/3.4.1061/avr8-gnu-toolchain/bin/../lib/gcc/avr/4.8.1/../../../../avr/lib/avr51\libm.a(addsf3x.o) (__fp_split3)
c:/program files (x86)/atmel/atmel toolchain/avr8 gcc/native/3.4.1061/avr8-gnu-toolchain/bin/../lib/gcc/avr/4.8.1/../../../../avr/lib/avr51\libm.a(fp_zero.o)
                              c:/program files (x86)/atmel/atmel toolchain/avr8 gcc/native/3.4.1061/avr8-gnu-toolchain/bin/../lib/gcc/avr/4.8.1/../../../../avr/lib/avr51\libm.a(addsf3x.o) (__fp_zero)
c:/program files (x86)/atmel/atmel toolchain/avr8 gcc/native/3.4.1061/avr8-gnu-toolchain/bin/../lib/gcc/avr/4.8.1/../../../../avr/lib/avr51\libm.a(mulsf3.o)
                              src/modules/adc.o (__mulsf3)
c:/program files (x86)/atmel/atmel toolchain/avr8 gcc/native/3.4.1061/avr8-gnu-toolchain/bin/../lib/gcc/avr/4.8.1/../../../../avr/lib/avr51\libm.a(mulsf3x.o)
                              c:/program files (x86)/atmel/atmel toolchain/avr8 gcc/native/3.4.1061/avr8-gnu-toolchain/bin/../lib/gcc/avr/4.8.1/../../../../avr/lib/avr51\libm.a(mulsf3.o) (__mulsf3x)
c:/program files (x86)/atmel/atmel toolchain/avr8 gcc/native/3.4.1061/avr8-gnu-toolchain/bin/../lib/gcc/avr/4.8.1/avr51\libgcc.a(_udivmodsi4.o)
                              src/ASF/common/services/calendar/calendar.o (__udivmodsi4)
c:/program files (x86)/atmel/atmel toolchain/avr8 gcc/native/3.4.1061/avr8-gnu-toolchain/bin/../lib/gcc/avr/4.8.1/avr51\libgcc.a(_exit.o)
[...]
Memory Configuration

Name             Origin             Length             Attributes
text             0x00000000         0x00020000         xr
data             0x00800100         0x0000ff00         rw !x
eeprom           0x00810000         0x00010000         rw !x
fuse             0x00820000         0x00000400         rw !x
lock             0x00830000         0x00000400         rw !x
signature        0x00840000         0x00000400         rw !x
user_signatures  0x00850000         0x00000400         rw !x
*default*        0x00000000         0xffffffff

Linker script and memory map

Address of section .data set to 0x800100
LOAD c:/program files (x86)/atmel/atmel toolchain/avr8 gcc/native/3.4.1061/avr8-gnu-toolchain/bin/../lib/gcc/avr/4.8.1/../../../../avr/lib/avr51/crtm128a.o
LOAD src/ASF/common/services/calendar/calendar.o
LOAD src/ASF/common/services/clock/mega/sysclk.o
LOAD src/modules/adc.o
LOAD src/modules/io.o
LOAD src/modules/menu.o
LOAD src/modules/timer0.o
LOAD src/modules/buttons.o
LOAD src/modules/lcd12864.o
LOAD src/ASF/common/boards/user_board/init.o
LOAD src/main.o
START GROUP
LOAD c:/program files (x86)/atmel/atmel toolchain/avr8 gcc/native/3.4.1061/avr8-gnu-toolchain/bin/../lib/gcc/avr/4.8.1/../../../../avr/lib/avr51\libm.a
END GROUP
START GROUP
LOAD c:/program files (x86)/atmel/atmel toolchain/avr8 gcc/native/3.4.1061/avr8-gnu-toolchain/bin/../lib/gcc/avr/4.8.1/avr51\libgcc.a
LOAD c:/program files (x86)/atmel/atmel toolchain/avr8 gcc/native/3.4.1061/avr8-gnu-toolchain/bin/../lib/gcc/avr/4.8.1/../../../../avr/lib/avr51\libm.a
LOAD c:/program files (x86)/atmel/atmel toolchain/avr8 gcc/native/3.4.1061/avr8-gnu-toolchain/bin/../lib/gcc/avr/4.8.1/../../../../avr/lib/avr51\libc.a
END GROUP

.hash
 *(.hash)

.dynsym
 *(.dynsym)

.dynstr
 *(.dynstr)

.gnu.version
 *(.gnu.version)

.gnu.version_d
 *(.gnu.version_d)

.gnu.version_r
 *(.gnu.version_r)

.rel.init
 *(.rel.init)

.rela.init
 *(.rela.init)

.rel.text
 *(.rel.text)
 *(.rel.text.*)
 *(.rel.gnu.linkonce.t*)

.rela.text
 *(.rela.text)
 *(.rela.text.*)
 *(.rela.gnu.linkonce.t*)

.rel.fini
 *(.rel.fini)

.rela.fini
 *(.rela.fini)

.rel.rodata
 *(.rel.rodata)
 *(.rel.rodata.*)
 *(.rel.gnu.linkonce.r*)

.rela.rodata
 *(.rela.rodata)
 *(.rela.rodata.*)
 *(.rela.gnu.linkonce.r*)

.rel.data
 *(.rel.data)
 *(.rel.data.*)
 *(.rel.gnu.linkonce.d*)

.rela.data
 *(.rela.data)
 *(.rela.data.*)
 *(.rela.gnu.linkonce.d*)

.rel.ctors
 *(.rel.ctors)

.rela.ctors
 *(.rela.ctors)

.rel.dtors
 *(.rel.dtors)

.rela.dtors
 *(.rela.dtors)

.rel.got
 *(.rel.got)

.rela.got
 *(.rela.got)

.rel.bss
 *(.rel.bss)

.rela.bss
 *(.rela.bss)

.rel.plt
 *(.rel.plt)

.rela.plt
 *(.rela.plt)

.text           0x00000000      0xa12
 *(.vectors)
 .vectors       0x00000000       0x8c c:/program files (x86)/atmel/atmel toolchain/avr8 gcc/native/3.4.1061/avr8-gnu-toolchain/bin/../lib/gcc/avr/4.8.1/../../../../avr/lib/avr51/crtm128a.o
                0x00000000                __vector_default
                0x00000000                __vectors
 *(.vectors)
 *(.progmem.gcc*)
                0x0000008c                . = ALIGN (0x2)
                0x0000008c                __trampolines_start = .
 *(.trampolines)
 .trampolines   0x0000008c        0x0 linker stubs
 *(.trampolines*)
                0x0000008c                __trampolines_end = .
 *(.progmem*)
                0x0000008c                . = ALIGN (0x2)
 *(.jumptables)
 *(.jumptables*)
 *(.lowtext)
 *(.lowtext*)
                0x0000008c                __ctors_start = .
 *(.ctors)
                0x0000008c                __ctors_end = .
                0x0000008c                __dtors_start = .
 *(.dtors)
                0x0000008c                __dtors_end = .
 SORT(*)(.ctors)
 SORT(*)(.dtors)
 *(.init0)
 .init0         0x0000008c        0x0 c:/program files (x86)/atmel/atmel toolchain/avr8 gcc/native/3.4.1061/avr8-gnu-toolchain/bin/../lib/gcc/avr/4.8.1/../../../../avr/lib/avr51/crtm128a.o
                0x0000008c                __init
 *(.init0)
 *(.init1)
 *(.init1)
 *(.init2)
 .init2         0x0000008c        0xc c:/program files (x86)/atmel/atmel toolchain/avr8 gcc/native/3.4.1061/avr8-gnu-toolchain/bin/../lib/gcc/avr/4.8.1/../../../../avr/lib/avr51/crtm128a.o
 *(.init2)
 *(.init3)
 *(.init3)
 *(.init4)
 .init4         0x00000098       0x1a c:/program files (x86)/atmel/atmel toolchain/avr8 gcc/native/3.4.1061/avr8-gnu-toolchain/bin/../lib/gcc/avr/4.8.1/avr51\libgcc.a(_copy_data.o)
                0x00000098                __do_copy_data
 .init4         0x000000b2       0x10 c:/program files (x86)/atmel/atmel toolchain/avr8 gcc/native/3.4.1061/avr8-gnu-toolchain/bin/../lib/gcc/avr/4.8.1/avr51\libgcc.a(_clear_bss.o)
                0x000000b2                __do_clear_bss
 *(.init4)
 *(.init5)
 *(.init5)
 *(.init6)
 *(.init6)
 *(.init7)
 *(.init7)
 *(.init8)
 *(.init8)
 *(.init9)
 .init9         0x000000c2        0x4 c:/program files (x86)/atmel/atmel toolchain/avr8 gcc/native/3.4.1061/avr8-gnu-toolchain/bin/../lib/gcc/avr/4.8.1/../../../../avr/lib/avr51/crtm128a.o
 *(.init9)
 *(.text)
 .text          0x000000c6        0x2 c:/program files (x86)/atmel/atmel toolchain/avr8 gcc/native/3.4.1061/avr8-gnu-toolchain/bin/../lib/gcc/avr/4.8.1/../../../../avr/lib/avr51/crtm128a.o
                0x000000c6                __vector_22
                0x000000c6                __vector_28
                0x000000c6                __vector_1
                0x000000c6                __vector_32
                0x000000c6                __vector_34
                0x000000c6                __vector_24
                0x000000c6                __vector_12
                0x000000c6                __bad_interrupt
                0x000000c6                __vector_6
                0x000000c6                __vector_31
                0x000000c6                __vector_3
                0x000000c6                __vector_23
                0x000000c6                __vector_30
                0x000000c6                __vector_25
                0x000000c6                __vector_11
                0x000000c6                __vector_13
                0x000000c6                __vector_17
                0x000000c6                __vector_19
                0x000000c6                __vector_7
                0x000000c6                __vector_27
                0x000000c6                __vector_5
                0x000000c6                __vector_33
                0x000000c6                __vector_4
                0x000000c6                __vector_9
                0x000000c6                __vector_21
                0x000000c6                __vector_29
                0x000000c6                __vector_8
                0x000000c6                __vector_26
                0x000000c6                __vector_14
                0x000000c6                __vector_10
                0x000000c6                __vector_16
                0x000000c6                __vector_18
                0x000000c6                __vector_20
                0x000000c8                . = ALIGN (0x2)
 *(.text.*)
 .text.ADC_init
                0x000000c8       0x16 src/modules/adc.o
                0x000000c8                ADC_init
 .text.ADC_readonce
                0x000000de       0x1c src/modules/adc.o
                0x000000de                ADC_readonce
 .text.ADC_read
                0x000000fa       0x94 src/modules/adc.o
                0x000000fa                ADC_read
 .text.init_IO  0x0000018e       0x2e src/modules/io.o
                0x0000018e                init_IO
 .text.Alarm    0x000001bc       0x20 src/modules/io.o
                0x000001bc                Alarm
 .text.refresh_page
                0x000001dc       0x40 src/modules/menu.o
                0x000001dc                refresh_page
 .text.draw_main_page
                0x0000021c       0x50 src/modules/menu.o
                0x0000021c                draw_main_page
 .text.Timer0_Init
                0x0000026c       0x48 src/modules/timer0.o
                0x0000026c                Timer0_Init
 .text.timer0_event
                0x000002b4       0x44 src/modules/timer0.o
                0x000002b4                timer0_event
 .text.__vector_15
                0x000002f8       0x62 src/modules/timer0.o
                0x000002f8                __vector_15
 .text.Timer0_RegisterCallbackFunction
                0x0000035a       0x82 src/modules/timer0.o
                0x0000035a                Timer0_RegisterCallbackFunction
 .text.Timer0_AllocateCountdownTimer
                0x000003dc       0x4c src/modules/timer0.o
                0x000003dc                Timer0_AllocateCountdownTimer
 .text.buttons_init
                0x00000428       0x24 src/modules/buttons.o
                0x00000428                buttons_init
 .text.button_interrupt
                0x0000044c       0x5a src/modules/buttons.o
                0x0000044c                button_interrupt
 .text.__vector_2
                0x000004a6       0x52 src/modules/buttons.o
                0x000004a6                __vector_2
 .text.lcd12864_send_data
                0x000004f8       0x1e src/modules/lcd12864.o
                0x000004f8                lcd12864_send_data
 .text.lcd12864_wait_busy
                0x00000516       0x10 src/modules/lcd12864.o
                0x00000516                lcd12864_wait_busy
 .text.lcd12864_send_cmd
                0x00000526       0x20 src/modules/lcd12864.o
                0x00000526                lcd12864_send_cmd
 .text.lcd12864_init
                0x00000546       0x2a src/modules/lcd12864.o
                0x00000546                lcd12864_init
 .text.lcd12864_write_char
                0x00000570       0x20 src/modules/lcd12864.o
                0x00000570                lcd12864_write_char
 .text.lcd12864_set_pos
                0x00000590       0x4e src/modules/lcd12864.o
                0x00000590                lcd12864_set_pos
 .text.lcd12864_write_str
                0x000005de       0x28 src/modules/lcd12864.o
                0x000005de                lcd12864_write_str
 .text.lcd12864_write_float
                0x00000606       0x74 src/modules/lcd12864.o
                0x00000606                lcd12864_write_float
 .text.main     0x0000067a       0x20 src/main.o
                0x0000067a                main
 .text.avr-libc.fplib
                0x0000069a        0xa c:/program files (x86)/atmel/atmel toolchain/avr8 gcc/native/3.4.1061/avr8-gnu-toolchain/bin/../lib/gcc/avr/4.8.1/../../../../avr/lib/avr51\libm.a(addsf3.o)
                0x0000069a                __subsf3
                0x0000069c                __addsf3
 .text.avr-libc.fplib
                0x000006a4       0xc0 c:/program files (x86)/atmel/atmel toolchain/avr8 gcc/native/3.4.1061/avr8-gnu-toolchain/bin/../lib/gcc/avr/4.8.1/../../../../avr/lib/avr51\libm.a(addsf3x.o)
                0x000006be                __addsf3x
 .text.avr-libc.fplib
                0x00000764        0xa c:/program files (x86)/atmel/atmel toolchain/avr8 gcc/native/3.4.1061/avr8-gnu-toolchain/bin/../lib/gcc/avr/4.8.1/../../../../avr/lib/avr51\libm.a(fixsfsi.o)
                0x00000764                __fixsfsi
 .text.avr-libc.fplib
                0x0000076e       0x58 c:/program files (x86)/atmel/atmel toolchain/avr8 gcc/native/3.4.1061/avr8-gnu-toolchain/bin/../lib/gcc/avr/4.8.1/../../../../avr/lib/avr51\libm.a(fixunssfsi.o)
                0x0000076e                __fixunssfsi
 .text.avr-libc.fplib
                0x000007c6       0x7a c:/program files (x86)/atmel/atmel toolchain/avr8 gcc/native/3.4.1061/avr8-gnu-toolchain/bin/../lib/gcc/avr/4.8.1/../../../../avr/lib/avr51\libm.a(floatsisf.o)
                0x000007c6                __floatunsisf
                0x000007ca                __floatsisf
 .text.avr-libc.fplib
                0x00000840        0xc c:/program files (x86)/atmel/atmel toolchain/avr8 gcc/native/3.4.1061/avr8-gnu-toolchain/bin/../lib/gcc/avr/4.8.1/../../../../avr/lib/avr51\libm.a(fp_inf.o)
                0x00000840                __fp_inf
 .text.avr-libc.fplib
                0x0000084c        0x6 c:/program files (x86)/atmel/atmel toolchain/avr8 gcc/native/3.4.1061/avr8-gnu-toolchain/bin/../lib/gcc/avr/4.8.1/../../../../avr/lib/avr51\libm.a(fp_nan.o)
                0x0000084c                __fp_nan
 .text.avr-libc.fplib
                0x00000852        0xe c:/program files (x86)/atmel/atmel toolchain/avr8 gcc/native/3.4.1061/avr8-gnu-toolchain/bin/../lib/gcc/avr/4.8.1/../../../../avr/lib/avr51\libm.a(fp_pscA.o)
                0x00000852                __fp_pscA
 .text.avr-libc.fplib
                0x00000860        0xe c:/program files (x86)/atmel/atmel toolchain/avr8 gcc/native/3.4.1061/avr8-gnu-toolchain/bin/../lib/gcc/avr/4.8.1/../../../../avr/lib/avr51\libm.a(fp_pscB.o)
                0x00000860                __fp_pscB
 .text.avr-libc.fplib
                0x0000086e       0x22 c:/program files (x86)/atmel/atmel toolchain/avr8 gcc/native/3.4.1061/avr8-gnu-toolchain/bin/../lib/gcc/avr/4.8.1/../../../../avr/lib/avr51\libm.a(fp_round.o)
                0x0000086e                __fp_round
 .text.avr-libc.fplib
                0x00000890       0x44 c:/program files (x86)/atmel/atmel toolchain/avr8 gcc/native/3.4.1061/avr8-gnu-toolchain/bin/../lib/gcc/avr/4.8.1/../../../../avr/lib/avr51\libm.a(fp_split3.o)
                0x00000890                __fp_split3
                0x000008a0                __fp_splitA
 .text.avr-libc.fplib
                0x000008d4        0xe c:/program files (x86)/atmel/atmel toolchain/avr8 gcc/native/3.4.1061/avr8-gnu-toolchain/bin/../lib/gcc/avr/4.8.1/../../../../avr/lib/avr51\libm.a(fp_zero.o)
                0x000008d4                __fp_zero
                0x000008d6                __fp_szero
 .text.avr-libc.fplib
                0x000008e2        0x4 c:/program files (x86)/atmel/atmel toolchain/avr8 gcc/native/3.4.1061/avr8-gnu-toolchain/bin/../lib/gcc/avr/4.8.1/../../../../avr/lib/avr51\libm.a(mulsf3.o)
                0x000008e2                __mulsf3
 .text.avr-libc.fplib
                0x000008e6       0xc2 c:/program files (x86)/atmel/atmel toolchain/avr8 gcc/native/3.4.1061/avr8-gnu-toolchain/bin/../lib/gcc/avr/4.8.1/../../../../avr/lib/avr51\libm.a(mulsf3x.o)
                0x000008fa                __mulsf3x
                0x000008fe                __mulsf3_pse
 .text.avr-libc
                0x000009a8       0x14 c:/program files (x86)/atmel/atmel toolchain/avr8 gcc/native/3.4.1061/avr8-gnu-toolchain/bin/../lib/gcc/avr/4.8.1/../../../../avr/lib/avr51\libc.a(itoa_ncheck.o)
                0x000009a8                __itoa_ncheck
 .text.avr-libc
                0x000009bc       0x32 c:/program files (x86)/atmel/atmel toolchain/avr8 gcc/native/3.4.1061/avr8-gnu-toolchain/bin/../lib/gcc/avr/4.8.1/../../../../avr/lib/avr51\libc.a(utoa_ncheck.o)
                0x000009bc                __utoa_ncheck
                0x000009be                __utoa_common
 .text.avr-libc
                0x000009ee       0x20 c:/program files (x86)/atmel/atmel toolchain/avr8 gcc/native/3.4.1061/avr8-gnu-toolchain/bin/../lib/gcc/avr/4.8.1/../../../../avr/lib/avr51\libc.a(strrev.o)
                0x000009ee                strrev
                0x00000a0e                . = ALIGN (0x2)
 *(.fini9)
 .fini9         0x00000a0e        0x0 c:/program files (x86)/atmel/atmel toolchain/avr8 gcc/native/3.4.1061/avr8-gnu-toolchain/bin/../lib/gcc/avr/4.8.1/avr51\libgcc.a(_exit.o)
                0x00000a0e                _exit
                0x00000a0e                exit
 *(.fini9)
 *(.fini8)
 *(.fini8)
 *(.fini7)
 *(.fini7)
 *(.fini6)
 *(.fini6)
 *(.fini5)
 *(.fini5)
 *(.fini4)
 *(.fini4)
 *(.fini3)
 *(.fini3)
 *(.fini2)
 *(.fini2)
 *(.fini1)
 *(.fini1)
 *(.fini0)
 .fini0         0x00000a0e        0x4 c:/program files (x86)/atmel/atmel toolchain/avr8 gcc/native/3.4.1061/avr8-gnu-toolchain/bin/../lib/gcc/avr/4.8.1/avr51\libgcc.a(_exit.o)
 *(.fini0)
                0x00000a12                _etext = .

.data           0x00800100       0x26 load address 0x00000a12
                0x00800100                PROVIDE (__data_start, .)
 *(.data)
 *(.data*)
 .data.work_mode
                0x00800100        0x1 src/modules/menu.o
                0x00800100                work_mode
 .data.KEY      0x00800101        0x1 src/modules/buttons.o
                0x00800101                KEY
 *(.rodata)
 *(.rodata*)
 .rodata.str1.1
                0x00800102       0x21 src/modules/menu.o
 .rodata.str1.1
                0x00800123        0x2 src/modules/lcd12864.o
 *(.gnu.linkonce.d*)
                0x00800126                . = ALIGN (0x2)
 *fill*         0x00800125        0x1 
                0x00800126                _edata = .
                0x00800126                PROVIDE (__data_end, .)

.bss            0x00800126       0x10
                0x00800126                PROVIDE (__bss_start, .)
 *(.bss)
 *(.bss*)
 .bss.t.1980    0x00800126        0x1 src/modules/menu.o
 .bss.count.1960
                0x00800127        0x1 src/modules/timer0.o
 .bss.KEY_VALID
                0x00800128        0x1 src/modules/buttons.o
                0x00800128                KEY_VALID
 *(COMMON)
 COMMON         0x00800129        0xc src/modules/timer0.o
                0x00800129                CountDownTimers
                0x0080012d                CallbackFunc
 COMMON         0x00800135        0x1 src/modules/buttons.o
                0x00800135                CountdownTimerHandler
                0x00800136                PROVIDE (__bss_end, .)
                0x00000a12                __data_load_start = LOADADDR (.data)
                0x00000a38                __data_load_end = (__data_load_start + SIZEOF (.data))

.noinit         0x00800136        0x0
                0x00800136                PROVIDE (__noinit_start, .)
 *(.noinit*)
                0x00800136                PROVIDE (__noinit_end, .)
                0x00800136                _end = .
                0x00800136                PROVIDE (__heap_start, .)

.eeprom         0x00810000        0x0
 *(.eeprom*)
                0x00810000                __eeprom_end = .

.fuse
 *(.fuse)
 *(.lfuse)
 *(.hfuse)
 *(.efuse)

.lock
 *(.lock*)

.signature
 *(.signature*)

.user_signatures
 *(.user_signatures*)

.stab
 *(.stab)

.stabstr
 *(.stabstr)

.stab.excl
 *(.stab.excl)

.stab.exclstr
 *(.stab.exclstr)

.stab.index
 *(.stab.index)

.stab.indexstr
 *(.stab.indexstr)

.comment        0x00000000       0x30
 *(.comment)
 .comment       0x00000000       0x30 src/modules/adc.o
                                 0x31 (size before relaxing)
 .comment       0x00000000       0x31 src/modules/io.o
 .comment       0x00000000       0x31 src/modules/menu.o
 .comment       0x00000000       0x31 src/modules/timer0.o
 .comment       0x00000000       0x31 src/modules/buttons.o
 .comment       0x00000000       0x31 src/modules/lcd12864.o
 .comment       0x00000000       0x31 src/main.o

.note.gnu.build-id
 *(.note.gnu.build-id)

.debug
 *(.debug)

.line
 *(.line)

.debug_srcinfo
 *(.debug_srcinfo)

.debug_sfnames
 *(.debug_sfnames)

.debug_aranges  0x00000000      0x1a0
 *(.debug_aranges)
 .debug_aranges
                0x00000000       0x30 src/modules/adc.o
 .debug_aranges
                0x00000030       0x30 src/modules/io.o
 .debug_aranges
                0x00000060       0x28 src/modules/menu.o
 .debug_aranges
                0x00000088       0x58 src/modules/timer0.o
 .debug_aranges
                0x000000e0       0x38 src/modules/buttons.o
 .debug_aranges
                0x00000118       0x68 src/modules/lcd12864.o
 .debug_aranges
                0x00000180       0x20 src/main.o

.debug_pubnames
 *(.debug_pubnames)

.debug_info     0x00000000     0x10be
 *(.debug_info .gnu.linkonce.wi.*)
 .debug_info    0x00000000      0x196 src/modules/adc.o
 .debug_info    0x00000196       0xd7 src/modules/io.o
 .debug_info    0x0000026d      0x33f src/modules/menu.o
 .debug_info    0x000005ac      0x260 src/modules/timer0.o
 .debug_info    0x0000080c      0x17b src/modules/buttons.o
 .debug_info    0x00000987      0x648 src/modules/lcd12864.o
 .debug_info    0x00000fcf       0xef src/main.o

.debug_abbrev   0x00000000      0x776
 *(.debug_abbrev)
 .debug_abbrev  0x00000000      0x131 src/modules/adc.o
 .debug_abbrev  0x00000131       0x95 src/modules/io.o
 .debug_abbrev  0x000001c6      0x11e src/modules/menu.o
 .debug_abbrev  0x000002e4      0x120 src/modules/timer0.o
 .debug_abbrev  0x00000404       0xea src/modules/buttons.o
 .debug_abbrev  0x000004ee      0x214 src/modules/lcd12864.o
 .debug_abbrev  0x00000702       0x74 src/main.o

.debug_line     0x00000000     0x2a0d
 *(.debug_line .debug_line.* .debug_line_end)
 .debug_line    0x00000000      0x629 src/modules/adc.o
 .debug_line    0x00000629      0x52d src/modules/io.o
 .debug_line    0x00000b56      0x576 src/modules/menu.o
 .debug_line    0x000010cc      0x65b src/modules/timer0.o
 .debug_line    0x00001727      0x5f2 src/modules/buttons.o
 .debug_line    0x00001d19      0x748 src/modules/lcd12864.o
 .debug_line    0x00002461      0x5ac src/main.o

.debug_frame    0x00000000      0x3c0
 *(.debug_frame)
 .debug_frame   0x00000000       0x60 src/modules/adc.o
 .debug_frame   0x00000060       0x44 src/modules/io.o
 .debug_frame   0x000000a4       0x48 src/modules/menu.o
 .debug_frame   0x000000ec       0xf0 src/modules/timer0.o
 .debug_frame   0x000001dc       0x9c src/modules/buttons.o
 .debug_frame   0x00000278      0x124 src/modules/lcd12864.o
 .debug_frame   0x0000039c       0x24 src/main.o

.debug_str      0x00000000    0x10538
 *(.debug_str)
 .debug_str     0x00000000     0xfc3a src/modules/adc.o
                               0xfdcb (size before relaxing)
 .debug_str     0x0000fc3a       0x39 src/modules/io.o
                               0xf96c (size before relaxing)
 .debug_str     0x0000fc73      0x3e4 src/modules/menu.o
                               0xfd8d (size before relaxing)
 .debug_str     0x00010057       0xe7 src/modules/timer0.o
                               0xfa8c (size before relaxing)
 .debug_str     0x0001013e      0x1ad src/modules/buttons.o
                               0xfd84 (size before relaxing)
 .debug_str     0x000102eb      0x23a src/modules/lcd12864.o
                               0xfe35 (size before relaxing)
 .debug_str     0x00010525       0x13 src/main.o
                              0x1019c (size before relaxing)

.debug_loc      0x00000000      0xd21
 *(.debug_loc)
 .debug_loc     0x00000000      0x1dd src/modules/adc.o
 .debug_loc     0x000001dd       0x74 src/modules/io.o
 .debug_loc     0x00000251       0x67 src/modules/menu.o
 .debug_loc     0x000002b8      0x4a3 src/modules/timer0.o
 .debug_loc     0x0000075b      0x125 src/modules/buttons.o
 .debug_loc     0x00000880      0x4a1 src/modules/lcd12864.o

.debug_macinfo
 *(.debug_macinfo)

.debug_weaknames
 *(.debug_weaknames)

.debug_funcnames
 *(.debug_funcnames)

.debug_typenames
 *(.debug_typenames)

.debug_varnames
 *(.debug_varnames)

.debug_pubtypes
 *(.debug_pubtypes)

.debug_ranges   0x00000000      0x130
 *(.debug_ranges)
 .debug_ranges  0x00000000       0x20 src/modules/adc.o
 .debug_ranges  0x00000020       0x20 src/modules/io.o
 .debug_ranges  0x00000040       0x18 src/modules/menu.o
 .debug_ranges  0x00000058       0x48 src/modules/timer0.o
 .debug_ranges  0x000000a0       0x28 src/modules/buttons.o
 .debug_ranges  0x000000c8       0x58 src/modules/lcd12864.o
 .debug_ranges  0x00000120       0x10 src/main.o

.debug_macro    0x00000000     0x1037
 *(.debug_macro)
 .debug_macro   0x00000000      0x1c9 src/modules/adc.o
 .debug_macro   0x000001c9       0x22 src/modules/adc.o
 .debug_macro   0x000001eb       0x28 src/modules/adc.o
 .debug_macro   0x00000213       0x1d src/modules/adc.o
 .debug_macro   0x00000230       0x10 src/modules/adc.o
 .debug_macro   0x00000240      0x167 src/modules/adc.o
 .debug_macro   0x000003a7       0x34 src/modules/adc.o
 .debug_macro   0x000003db      0x1ad src/modules/io.o
 .debug_macro   0x00000588       0x16 src/modules/io.o
 .debug_macro   0x0000059e      0x1d1 src/modules/menu.o
 .debug_macro   0x0000076f       0x2e src/modules/menu.o
 .debug_macro   0x0000079d       0x76 src/modules/menu.o
 .debug_macro   0x00000813       0x16 src/modules/menu.o
 .debug_macro   0x00000829      0x1ad src/modules/timer0.o
 .debug_macro   0x000009d6      0x1bf src/modules/buttons.o
 .debug_macro   0x00000b95       0x64 src/modules/buttons.o
 .debug_macro   0x00000bf9      0x1cb src/modules/lcd12864.o
 .debug_macro   0x00000dc4       0x70 src/modules/lcd12864.o
 .debug_macro   0x00000e34       0x16 src/modules/lcd12864.o
 .debug_macro   0x00000e4a      0x1ed src/main.o
OUTPUT(AVR.elf elf32-avr)
LOAD linker stubs
