Archive member included because of file (symbol)

c:/program files (x86)/atmel/atmel toolchain/avr8 gcc/native/3.4.1061/avr8-gnu-toolchain/bin/../lib/gcc/avr/4.8.1/../../../../avr/lib/avr51\libm.a(addsf3.o)
                              src/modules/lcd12864.o (__subsf3)
c:/program files (x86)/atmel/atmel toolchain/avr8 gcc/native/3.4.1061/avr8-gnu-toolchain/bin/../lib/gcc/avr/4.8.1/../../../../avr/lib/avr51\libm.a(addsf3x.o)
                              c:/program files (x86)/atmel/atmel toolchain/avr8 gcc/native/3.4.1061/avr8-gnu-toolchain/bin/../lib/gcc/avr/4.8.1/../../../../avr/lib/avr51\libm.a(addsf3.o) (__addsf3x)
c:/program files (x86)/atmel/atmel toolchain/avr8 gcc/native/3.4.1061/avr8-gnu-toolchain/bin/../lib/gcc/avr/4.8.1/../../../../avr/lib/avr51\libm.a(fixsfsi.o)
                              src/modules/actions.o (__fixsfsi)
c:/program files (x86)/atmel/atmel toolchain/avr8 gcc/native/3.4.1061/avr8-gnu-toolchain/bin/../lib/gcc/avr/4.8.1/../../../../avr/lib/avr51\libm.a(fixunssfsi.o)
                              c:/program files (x86)/atmel/atmel toolchain/avr8 gcc/native/3.4.1061/avr8-gnu-toolchain/bin/../lib/gcc/avr/4.8.1/../../../../avr/lib/avr51\libm.a(fixsfsi.o) (__fixunssfsi)
c:/program files (x86)/atmel/atmel toolchain/avr8 gcc/native/3.4.1061/avr8-gnu-toolchain/bin/../lib/gcc/avr/4.8.1/../../../../avr/lib/avr51\libm.a(floatsisf.o)
                              src/modules/adc.o (__floatunsisf)
c:/program files (x86)/atmel/atmel toolchain/avr8 gcc/native/3.4.1061/avr8-gnu-toolchain/bin/../lib/gcc/avr/4.8.1/../../../../avr/lib/avr51\libm.a(fp_inf.o)
                              c:/program files (x86)/atmel/atmel toolchain/avr8 gcc/native/3.4.1061/avr8-gnu-toolchain/bin/../lib/gcc/avr/4.8.1/../../../../avr/lib/avr51\libm.a(addsf3x.o) (__fp_inf)
c:/program files (x86)/atmel/atmel toolchain/avr8 gcc/native/3.4.1061/avr8-gnu-toolchain/bin/../lib/gcc/avr/4.8.1/../../../../avr/lib/avr51\libm.a(fp_nan.o)
                              c:/program files (x86)/atmel/atmel toolchain/avr8 gcc/native/3.4.1061/avr8-gnu-toolchain/bin/../lib/gcc/avr/4.8.1/../../../../avr/lib/avr51\libm.a(addsf3x.o) (__fp_nan)
c:/program files (x86)/atmel/atmel toolchain/avr8 gcc/native/3.4.1061/avr8-gnu-toolchain/bin/../lib/gcc/avr/4.8.1/../../../../avr/lib/avr51\libm.a(fp_pscA.o)
                              c:/program files (x86)/atmel/atmel toolchain/avr8 gcc/native/3.4.1061/avr8-gnu-toolchain/bin/../lib/gcc/avr/4.8.1/../../../../avr/lib/avr51\libm.a(addsf3x.o) (__fp_pscA)
c:/program files (x86)/atmel/atmel toolchain/avr8 gcc/native/3.4.1061/avr8-gnu-toolchain/bin/../lib/gcc/avr/4.8.1/../../../../avr/lib/avr51\libm.a(fp_pscB.o)
                              c:/program files (x86)/atmel/atmel toolchain/avr8 gcc/native/3.4.1061/avr8-gnu-toolchain/bin/../lib/gcc/avr/4.8.1/../../../../avr/lib/avr51\libm.a(addsf3x.o) (__fp_pscB)
c:/program files (x86)/atmel/atmel toolchain/avr8 gcc/native/3.4.1061/avr8-gnu-toolchain/bin/../lib/gcc/avr/4.8.1/../../../../avr/lib/avr51\libm.a(fp_round.o)
                              c:/program files (x86)/atmel/atmel toolchain/avr8 gcc/native/3.4.1061/avr8-gnu-toolchain/bin/../lib/gcc/avr/4.8.1/../../../../avr/lib/avr51\libm.a(addsf3.o) (__fp_round)
c:/program files (x86)/atmel/atmel toolchain/avr8 gcc/native/3.4.1061/avr8-gnu-toolchain/bin/../lib/gcc/avr/4.8.1/../../../../avr/lib/avr51\libm.a(fp_split3.o)
                              c:/program files (x86)/atmel/atmel toolchain/avr8 gcc/native/3.4.1061/avr8-gnu-toolchain/bin/../lib/gcc/avr/4.8.1/../../../../avr/lib/avr51\libm.a(addsf3x.o) (__fp_split3)
c:/program files (x86)/atmel/atmel toolchain/avr8 gcc/native/3.4.1061/avr8-gnu-toolchain/bin/../lib/gcc/avr/4.8.1/../../../../avr/lib/avr51\libm.a(fp_zero.o)
                              c:/program files (x86)/atmel/atmel toolchain/avr8 gcc/native/3.4.1061/avr8-gnu-toolchain/bin/../lib/gcc/avr/4.8.1/../../../../avr/lib/avr51\libm.a(addsf3x.o) (__fp_zero)
c:/program files (x86)/atmel/atmel toolchain/avr8 gcc/native/3.4.1061/avr8-gnu-toolchain/bin/../lib/gcc/avr/4.8.1/../../../../avr/lib/avr51\libm.a(mulsf3.o)
                              src/modules/adc.o (__mulsf3)
c:/program files (x86)/atmel/atmel toolchain/avr8 gcc/native/3.4.1061/avr8-gnu-toolchain/bin/../lib/gcc/avr/4.8.1/../../../../avr/lib/avr51\libm.a(mulsf3x.o)
                              c:/program files (x86)/atmel/atmel toolchain/avr8 gcc/native/3.4.1061/avr8-gnu-toolchain/bin/../lib/gcc/avr/4.8.1/../../../../avr/lib/avr51\libm.a(mulsf3.o) (__mulsf3x)
c:/program files (x86)/atmel/atmel toolchain/avr8 gcc/native/3.4.1061/avr8-gnu-toolchain/bin/../lib/gcc/avr/4.8.1/avr51\libgcc.a(_udivmodsi4.o)
                              src/ASF/common/services/calendar/calendar.o (__udivmodsi4)
c:/program files (x86)/atmel/atmel toolchain/avr8 gcc/native/3.4.1061/avr8-gnu-toolchain/bin/../lib/gcc/avr/4.8.1/avr51\libgcc.a(_exit.o)
[...]
Memory Configuration

Name             Origin             Length             Attributes
text             0x00000000         0x00020000         xr
data             0x00800100         0x0000ff00         rw !x
eeprom           0x00810000         0x00010000         rw !x
fuse             0x00820000         0x00000400         rw !x
lock             0x00830000         0x00000400         rw !x
signature        0x00840000         0x00000400         rw !x
user_signatures  0x00850000         0x00000400         rw !x
*default*        0x00000000         0xffffffff

Linker script and memory map

Address of section .data set to 0x800100
LOAD c:/program files (x86)/atmel/atmel toolchain/avr8 gcc/native/3.4.1061/avr8-gnu-toolchain/bin/../lib/gcc/avr/4.8.1/../../../../avr/lib/avr51/crtm128a.o
LOAD src/ASF/common/services/calendar/calendar.o
LOAD src/ASF/common/services/clock/mega/sysclk.o
LOAD src/main.o
LOAD src/modules/actions.o
LOAD src/modules/adc.o
LOAD src/modules/emv.o
LOAD src/modules/io.o
LOAD src/modules/menu.o
LOAD src/modules/rtc.o
LOAD src/modules/timer0.o
LOAD src/modules/buttons.o
LOAD src/modules/lcd12864.o
LOAD src/ASF/common/boards/user_board/init.o
START GROUP
LOAD c:/program files (x86)/atmel/atmel toolchain/avr8 gcc/native/3.4.1061/avr8-gnu-toolchain/bin/../lib/gcc/avr/4.8.1/../../../../avr/lib/avr51\libm.a
END GROUP
START GROUP
LOAD c:/program files (x86)/atmel/atmel toolchain/avr8 gcc/native/3.4.1061/avr8-gnu-toolchain/bin/../lib/gcc/avr/4.8.1/avr51\libgcc.a
LOAD c:/program files (x86)/atmel/atmel toolchain/avr8 gcc/native/3.4.1061/avr8-gnu-toolchain/bin/../lib/gcc/avr/4.8.1/../../../../avr/lib/avr51\libm.a
LOAD c:/program files (x86)/atmel/atmel toolchain/avr8 gcc/native/3.4.1061/avr8-gnu-toolchain/bin/../lib/gcc/avr/4.8.1/../../../../avr/lib/avr51\libc.a
END GROUP

.hash
 *(.hash)

.dynsym
 *(.dynsym)

.dynstr
 *(.dynstr)

.gnu.version
 *(.gnu.version)

.gnu.version_d
 *(.gnu.version_d)

.gnu.version_r
 *(.gnu.version_r)

.rel.init
 *(.rel.init)

.rela.init
 *(.rela.init)

.rel.text
 *(.rel.text)
 *(.rel.text.*)
 *(.rel.gnu.linkonce.t*)

.rela.text
 *(.rela.text)
 *(.rela.text.*)
 *(.rela.gnu.linkonce.t*)

.rel.fini
 *(.rel.fini)

.rela.fini
 *(.rela.fini)

.rel.rodata
 *(.rel.rodata)
 *(.rel.rodata.*)
 *(.rel.gnu.linkonce.r*)

.rela.rodata
 *(.rela.rodata)
 *(.rela.rodata.*)
 *(.rela.gnu.linkonce.r*)

.rel.data
 *(.rel.data)
 *(.rel.data.*)
 *(.rel.gnu.linkonce.d*)

.rela.data
 *(.rela.data)
 *(.rela.data.*)
 *(.rela.gnu.linkonce.d*)

.rel.ctors
 *(.rel.ctors)

.rela.ctors
 *(.rela.ctors)

.rel.dtors
 *(.rel.dtors)

.rela.dtors
 *(.rela.dtors)

.rel.got
 *(.rel.got)

.rela.got
 *(.rela.got)

.rel.bss
 *(.rel.bss)

.rela.bss
 *(.rela.bss)

.rel.plt
 *(.rel.plt)

.rela.plt
 *(.rela.plt)

.text           0x00000000     0x17ae
 *(.vectors)
 .vectors       0x00000000       0x8c c:/program files (x86)/atmel/atmel toolchain/avr8 gcc/native/3.4.1061/avr8-gnu-toolchain/bin/../lib/gcc/avr/4.8.1/../../../../avr/lib/avr51/crtm128a.o
                0x00000000                __vector_default
                0x00000000                __vectors
 *(.vectors)
 *(.progmem.gcc*)
                0x0000008c                . = ALIGN (0x2)
                0x0000008c                __trampolines_start = .
 *(.trampolines)
 .trampolines   0x0000008c        0x0 linker stubs
 *(.trampolines*)
                0x0000008c                __trampolines_end = .
 *(.progmem*)
                0x0000008c                . = ALIGN (0x2)
 *(.jumptables)
 *(.jumptables*)
 *(.lowtext)
 *(.lowtext*)
                0x0000008c                __ctors_start = .
 *(.ctors)
                0x0000008c                __ctors_end = .
                0x0000008c                __dtors_start = .
 *(.dtors)
                0x0000008c                __dtors_end = .
 SORT(*)(.ctors)
 SORT(*)(.dtors)
 *(.init0)
 .init0         0x0000008c        0x0 c:/program files (x86)/atmel/atmel toolchain/avr8 gcc/native/3.4.1061/avr8-gnu-toolchain/bin/../lib/gcc/avr/4.8.1/../../../../avr/lib/avr51/crtm128a.o
                0x0000008c                __init
 *(.init0)
 *(.init1)
 *(.init1)
 *(.init2)
 .init2         0x0000008c        0xc c:/program files (x86)/atmel/atmel toolchain/avr8 gcc/native/3.4.1061/avr8-gnu-toolchain/bin/../lib/gcc/avr/4.8.1/../../../../avr/lib/avr51/crtm128a.o
 *(.init2)
 *(.init3)
 *(.init3)
 *(.init4)
 .init4         0x00000098       0x1a c:/program files (x86)/atmel/atmel toolchain/avr8 gcc/native/3.4.1061/avr8-gnu-toolchain/bin/../lib/gcc/avr/4.8.1/avr51\libgcc.a(_copy_data.o)
                0x00000098                __do_copy_data
 .init4         0x000000b2       0x10 c:/program files (x86)/atmel/atmel toolchain/avr8 gcc/native/3.4.1061/avr8-gnu-toolchain/bin/../lib/gcc/avr/4.8.1/avr51\libgcc.a(_clear_bss.o)
                0x000000b2                __do_clear_bss
 *(.init4)
 *(.init5)
 *(.init5)
 *(.init6)
 *(.init6)
 *(.init7)
 *(.init7)
 *(.init8)
 *(.init8)
 *(.init9)
 .init9         0x000000c2        0x6 c:/program files (x86)/atmel/atmel toolchain/avr8 gcc/native/3.4.1061/avr8-gnu-toolchain/bin/../lib/gcc/avr/4.8.1/../../../../avr/lib/avr51/crtm128a.o
 *(.init9)
 *(.text)
 .text          0x000000c8        0x2 c:/program files (x86)/atmel/atmel toolchain/avr8 gcc/native/3.4.1061/avr8-gnu-toolchain/bin/../lib/gcc/avr/4.8.1/../../../../avr/lib/avr51/crtm128a.o
                0x000000c8                __vector_22
                0x000000c8                __vector_28
                0x000000c8                __vector_1
                0x000000c8                __vector_32
                0x000000c8                __vector_34
                0x000000c8                __vector_24
                0x000000c8                __vector_12
                0x000000c8                __bad_interrupt
                0x000000c8                __vector_6
                0x000000c8                __vector_31
                0x000000c8                __vector_3
                0x000000c8                __vector_23
                0x000000c8                __vector_30
                0x000000c8                __vector_25
                0x000000c8                __vector_11
                0x000000c8                __vector_13
                0x000000c8                __vector_17
                0x000000c8                __vector_19
                0x000000c8                __vector_7
                0x000000c8                __vector_27
                0x000000c8                __vector_5
                0x000000c8                __vector_33
                0x000000c8                __vector_4
                0x000000c8                __vector_9
                0x000000c8                __vector_21
                0x000000c8                __vector_29
                0x000000c8                __vector_8
                0x000000c8                __vector_26
                0x000000c8                __vector_14
                0x000000c8                __vector_10
                0x000000c8                __vector_16
                0x000000c8                __vector_18
                0x000000c8                __vector_20
                0x000000ca                . = ALIGN (0x2)
 *(.text.*)
 .text.main     0x000000ca       0x2e src/main.o
                0x000000ca                main
 .text.Act_Update_Main
                0x000000f8      0x2ba src/modules/actions.o
                0x000000f8                Act_Update_Main
 .text.Act_pressure_setting1_display
                0x000003b2       0x22 src/modules/actions.o
                0x000003b2                Act_pressure_setting1_display
 .text.ADC_init
                0x000003d4       0x16 src/modules/adc.o
                0x000003d4                ADC_init
 .text.ADC_readonce
                0x000003ea       0x1c src/modules/adc.o
                0x000003ea                ADC_readonce
 .text.ADC_read
                0x00000406       0x9c src/modules/adc.o
                0x00000406                ADC_read
 .text.emv_refresh
                0x000004a2       0x52 src/modules/emv.o
                0x000004a2                emv_refresh
 .text.emv_ports_init
                0x000004f4       0x28 src/modules/emv.o
                0x000004f4                emv_ports_init
 .text.init_IO  0x0000051c       0x2e src/modules/io.o
                0x0000051c                init_IO
 .text.Alarm    0x0000054a        0xc src/modules/io.o
                0x0000054a                Alarm
 .text.DrawScreen
                0x00000556       0x76 src/modules/menu.o
                0x00000556                DrawScreen
 .text.FindState
                0x000005cc       0x58 src/modules/menu.o
                0x000005cc                FindState
 .text.State_Update
                0x00000624      0x6c4 src/modules/menu.o
                0x00000624                State_Update
 .text.Menu_Init
                0x00000ce8       0x3a src/modules/menu.o
                0x00000ce8                Menu_Init
 .text.Menu_Poll
                0x00000d22      0x14c src/modules/menu.o
                0x00000d22                Menu_Poll
 .text.Timer0_Init
                0x00000e6e       0x4a src/modules/timer0.o
                0x00000e6e                Timer0_Init
 .text.__vector_15
                0x00000eb8       0xd6 src/modules/timer0.o
                0x00000eb8                __vector_15
 .text.Timer0_RegisterCallbackFunction
                0x00000f8e       0xaa src/modules/timer0.o
                0x00000f8e                Timer0_RegisterCallbackFunction
 .text.Timer0_RemoveCallbackFunction
                0x00001038       0x6a src/modules/timer0.o
                0x00001038                Timer0_RemoveCallbackFunction
 .text.Timer0_AllocateCountdownTimer
                0x000010a2       0x3c src/modules/timer0.o
                0x000010a2                Timer0_AllocateCountdownTimer
 .text.buttons_init
                0x000010de       0x24 src/modules/buttons.o
                0x000010de                buttons_init
 .text.button_interrupt
                0x00001102       0x5a src/modules/buttons.o
                0x00001102                button_interrupt
 .text.__vector_2
                0x0000115c       0x52 src/modules/buttons.o
                0x0000115c                __vector_2
 .text.getkey   0x000011ae       0x1a src/modules/buttons.o
                0x000011ae                getkey
 .text.lcd12864_send_data
                0x000011c8       0x24 src/modules/lcd12864.o
                0x000011c8                lcd12864_send_data
 .text.lcd12864_wait_busy
                0x000011ec       0x10 src/modules/lcd12864.o
                0x000011ec                lcd12864_wait_busy
 .text.lcd12864_send_cmd
                0x000011fc       0x20 src/modules/lcd12864.o
                0x000011fc                lcd12864_send_cmd
 .text.lcd12864_init
                0x0000121c       0x32 src/modules/lcd12864.o
                0x0000121c                lcd12864_init
 .text.lcd12864_clear
                0x0000124e        0x8 src/modules/lcd12864.o
                0x0000124e                lcd12864_clear
 .text.lcd12864_set_pos
                0x00001256       0x32 src/modules/lcd12864.o
                0x00001256                lcd12864_set_pos
 .text.lcd12864_write_char
                0x00001288       0x20 src/modules/lcd12864.o
                0x00001288                lcd12864_write_char
 .text.lcd12864_write_str
                0x000012a8       0x28 src/modules/lcd12864.o
                0x000012a8                lcd12864_write_str
 .text.lcd12864_write_int
                0x000012d0       0x10 src/modules/lcd12864.o
                0x000012d0                lcd12864_write_int
 .text.lcd12864_SetWhite
                0x000012e0      0x138 src/modules/lcd12864.o
                0x000012e0                lcd12864_SetWhite
 .text.avr-libc.fplib
                0x00001418        0xa c:/program files (x86)/atmel/atmel toolchain/avr8 gcc/native/3.4.1061/avr8-gnu-toolchain/bin/../lib/gcc/avr/4.8.1/../../../../avr/lib/avr51\libm.a(addsf3.o)
                0x00001418                __subsf3
                0x0000141a                __addsf3
 .text.avr-libc.fplib
                0x00001422       0xc0 c:/program files (x86)/atmel/atmel toolchain/avr8 gcc/native/3.4.1061/avr8-gnu-toolchain/bin/../lib/gcc/avr/4.8.1/../../../../avr/lib/avr51\libm.a(addsf3x.o)
                0x0000143c                __addsf3x
 .text.avr-libc.fplib
                0x000014e2        0xa c:/program files (x86)/atmel/atmel toolchain/avr8 gcc/native/3.4.1061/avr8-gnu-toolchain/bin/../lib/gcc/avr/4.8.1/../../../../avr/lib/avr51\libm.a(fixsfsi.o)
                0x000014e2                __fixsfsi
 .text.avr-libc.fplib
                0x000014ec       0x58 c:/program files (x86)/atmel/atmel toolchain/avr8 gcc/native/3.4.1061/avr8-gnu-toolchain/bin/../lib/gcc/avr/4.8.1/../../../../avr/lib/avr51\libm.a(fixunssfsi.o)
                0x000014ec                __fixunssfsi
 .text.avr-libc.fplib
                0x00001544       0x7a c:/program files (x86)/atmel/atmel toolchain/avr8 gcc/native/3.4.1061/avr8-gnu-toolchain/bin/../lib/gcc/avr/4.8.1/../../../../avr/lib/avr51\libm.a(floatsisf.o)
                0x00001544                __floatunsisf
                0x00001548                __floatsisf
 .text.avr-libc.fplib
                0x000015be        0xc c:/program files (x86)/atmel/atmel toolchain/avr8 gcc/native/3.4.1061/avr8-gnu-toolchain/bin/../lib/gcc/avr/4.8.1/../../../../avr/lib/avr51\libm.a(fp_inf.o)
                0x000015be                __fp_inf
 .text.avr-libc.fplib
                0x000015ca        0x6 c:/program files (x86)/atmel/atmel toolchain/avr8 gcc/native/3.4.1061/avr8-gnu-toolchain/bin/../lib/gcc/avr/4.8.1/../../../../avr/lib/avr51\libm.a(fp_nan.o)
                0x000015ca                __fp_nan
 .text.avr-libc.fplib
                0x000015d0        0xe c:/program files (x86)/atmel/atmel toolchain/avr8 gcc/native/3.4.1061/avr8-gnu-toolchain/bin/../lib/gcc/avr/4.8.1/../../../../avr/lib/avr51\libm.a(fp_pscA.o)
                0x000015d0                __fp_pscA
 .text.avr-libc.fplib
                0x000015de        0xe c:/program files (x86)/atmel/atmel toolchain/avr8 gcc/native/3.4.1061/avr8-gnu-toolchain/bin/../lib/gcc/avr/4.8.1/../../../../avr/lib/avr51\libm.a(fp_pscB.o)
                0x000015de                __fp_pscB
 .text.avr-libc.fplib
                0x000015ec       0x22 c:/program files (x86)/atmel/atmel toolchain/avr8 gcc/native/3.4.1061/avr8-gnu-toolchain/bin/../lib/gcc/avr/4.8.1/../../../../avr/lib/avr51\libm.a(fp_round.o)
                0x000015ec                __fp_round
 .text.avr-libc.fplib
                0x0000160e       0x44 c:/program files (x86)/atmel/atmel toolchain/avr8 gcc/native/3.4.1061/avr8-gnu-toolchain/bin/../lib/gcc/avr/4.8.1/../../../../avr/lib/avr51\libm.a(fp_split3.o)
                0x0000160e                __fp_split3
                0x0000161e                __fp_splitA
 .text.avr-libc.fplib
                0x00001652        0xe c:/program files (x86)/atmel/atmel toolchain/avr8 gcc/native/3.4.1061/avr8-gnu-toolchain/bin/../lib/gcc/avr/4.8.1/../../../../avr/lib/avr51\libm.a(fp_zero.o)
                0x00001652                __fp_zero
                0x00001654                __fp_szero
 .text.avr-libc.fplib
                0x00001660        0x4 c:/program files (x86)/atmel/atmel toolchain/avr8 gcc/native/3.4.1061/avr8-gnu-toolchain/bin/../lib/gcc/avr/4.8.1/../../../../avr/lib/avr51\libm.a(mulsf3.o)
                0x00001660                __mulsf3
 .text.avr-libc.fplib
                0x00001664       0xc2 c:/program files (x86)/atmel/atmel toolchain/avr8 gcc/native/3.4.1061/avr8-gnu-toolchain/bin/../lib/gcc/avr/4.8.1/../../../../avr/lib/avr51\libm.a(mulsf3x.o)
                0x00001678                __mulsf3x
                0x0000167c                __mulsf3_pse
 .text.libgcc.mul
                0x00001726       0x1e c:/program files (x86)/atmel/atmel toolchain/avr8 gcc/native/3.4.1061/avr8-gnu-toolchain/bin/../lib/gcc/avr/4.8.1/avr51\libgcc.a(_umulhisi3.o)
                0x00001726                __umulhisi3
 .text.avr-libc
                0x00001744       0x14 c:/program files (x86)/atmel/atmel toolchain/avr8 gcc/native/3.4.1061/avr8-gnu-toolchain/bin/../lib/gcc/avr/4.8.1/../../../../avr/lib/avr51\libc.a(itoa_ncheck.o)
                0x00001744                __itoa_ncheck
 .text.avr-libc
                0x00001758       0x32 c:/program files (x86)/atmel/atmel toolchain/avr8 gcc/native/3.4.1061/avr8-gnu-toolchain/bin/../lib/gcc/avr/4.8.1/../../../../avr/lib/avr51\libc.a(utoa_ncheck.o)
                0x00001758                __utoa_ncheck
                0x0000175a                __utoa_common
 .text.avr-libc
                0x0000178a       0x20 c:/program files (x86)/atmel/atmel toolchain/avr8 gcc/native/3.4.1061/avr8-gnu-toolchain/bin/../lib/gcc/avr/4.8.1/../../../../avr/lib/avr51\libc.a(strrev.o)
                0x0000178a                strrev
                0x000017aa                . = ALIGN (0x2)
 *(.fini9)
 .fini9         0x000017aa        0x0 c:/program files (x86)/atmel/atmel toolchain/avr8 gcc/native/3.4.1061/avr8-gnu-toolchain/bin/../lib/gcc/avr/4.8.1/avr51\libgcc.a(_exit.o)
                0x000017aa                _exit
                0x000017aa                exit
 *(.fini9)
 *(.fini8)
 *(.fini8)
 *(.fini7)
 *(.fini7)
 *(.fini6)
 *(.fini6)
 *(.fini5)
 *(.fini5)
 *(.fini4)
 *(.fini4)
 *(.fini3)
 *(.fini3)
 *(.fini2)
 *(.fini2)
 *(.fini1)
 *(.fini1)
 *(.fini0)
 .fini0         0x000017aa        0x4 c:/program files (x86)/atmel/atmel toolchain/avr8 gcc/native/3.4.1061/avr8-gnu-toolchain/bin/../lib/gcc/avr/4.8.1/avr51\libgcc.a(_exit.o)
 *(.fini0)
                0x000017ae                _etext = .

.data           0x00800100      0x39a load address 0x000017ae
                0x00800100                PROVIDE (__data_start, .)
 *(.data)
 *(.data*)
 .data.emv_switches
                0x00800100        0x2 src/modules/emv.o
                0x00800100                emv_switches
 .data.State_List
                0x00800102      0x1e0 src/modules/menu.o
                0x00800102                State_List
 .data.Display_Strings
                0x008002e2       0x3a src/modules/menu.o
                0x008002e2                Display_Strings
 .data.BlowPresureLowerLimit
                0x0080031c        0x2 src/modules/menu.o
                0x0080031c                BlowPresureLowerLimit
 .data.BlowPresureUpperLimit
                0x0080031e        0x2 src/modules/menu.o
                0x0080031e                BlowPresureUpperLimit
 .data.PD_Mode  0x00800320        0x1 src/modules/menu.o
                0x00800320                PD_Mode
 .data.KEY      0x00800321        0x1 src/modules/buttons.o
                0x00800321                KEY
 *(.rodata)
 *(.rodata*)
 .rodata.str1.1
                0x00800322       0x1a src/modules/actions.o
 .rodata.str1.1
                0x0080033c      0x15d src/modules/menu.o
 .rodata.str1.1
                0x00000000      0x15d src/modules/lcd12864.o
                                  0x7 (size before relaxing)
 *(.gnu.linkonce.d*)
                0x0080049a                . = ALIGN (0x2)
 *fill*         0x00800499        0x1 
                0x0080049a                _edata = .
                0x0080049a                PROVIDE (__data_end, .)

.bss            0x0080049a       0x54
                0x0080049a                PROVIDE (__bss_start, .)
 *(.bss)
 *(.bss*)
 .bss.days.2029
                0x0080049a        0x2 src/modules/actions.o
 .bss.hours.2030
                0x0080049c        0x2 src/modules/actions.o
 .bss.m.2031    0x0080049e        0x2 src/modules/actions.o
 .bss.s.2032    0x008004a0        0x2 src/modules/actions.o
 .bss.blink_factor.2028
                0x008004a2        0x1 src/modules/actions.o
 .bss.Blowing_State
                0x008004a3        0x1 src/modules/menu.o
                0x008004a3                Blowing_State
 .bss.Alarm_State
                0x008004a4        0x1 src/modules/menu.o
                0x008004a4                Alarm_State
 .bss.Current_TimerFunc
                0x008004a5        0x2 src/modules/menu.o
                0x008004a5                Current_TimerFunc
 .bss.SYS_State
                0x008004a7        0x2 src/modules/menu.o
                0x008004a7                SYS_State
 .bss.tmp_counter.1956
                0x008004a9        0x2 src/modules/timer0.o
 .bss.KEY_VALID
                0x008004ab        0x1 src/modules/buttons.o
                0x008004ab                KEY_VALID
 *(COMMON)
 COMMON         0x008004ac        0x9 src/modules/menu.o
                0x008004ac                SYS_Screen_Buffer
 COMMON         0x008004b5       0x38 src/modules/timer0.o
                0x008004b5                CountDownTimers
                0x008004bd                EventList
 COMMON         0x008004ed        0x1 src/modules/buttons.o
                0x008004ed                CountdownTimerHandler
                0x008004ee                PROVIDE (__bss_end, .)
                0x000017ae                __data_load_start = LOADADDR (.data)
                0x00001b48                __data_load_end = (__data_load_start + SIZEOF (.data))

.noinit         0x008004ee        0x0
                0x008004ee                PROVIDE (__noinit_start, .)
 *(.noinit*)
                0x008004ee                PROVIDE (__noinit_end, .)
                0x008004ee                _end = .
                0x008004ee                PROVIDE (__heap_start, .)

.eeprom         0x00810000        0x0
 *(.eeprom*)
                0x00810000                __eeprom_end = .

.fuse
 *(.fuse)
 *(.lfuse)
 *(.hfuse)
 *(.efuse)

.lock
 *(.lock*)

.signature
 *(.signature*)

.user_signatures
 *(.user_signatures*)

.stab
 *(.stab)

.stabstr
 *(.stabstr)

.stab.excl
 *(.stab.excl)

.stab.exclstr
 *(.stab.exclstr)

.stab.index
 *(.stab.index)

.stab.indexstr
 *(.stab.indexstr)

.comment        0x00000000       0x30
 *(.comment)
 .comment       0x00000000       0x30 src/main.o
                                 0x31 (size before relaxing)
 .comment       0x00000000       0x31 src/modules/actions.o
 .comment       0x00000000       0x31 src/modules/adc.o
 .comment       0x00000000       0x31 src/modules/emv.o
 .comment       0x00000000       0x31 src/modules/io.o
 .comment       0x00000000       0x31 src/modules/menu.o
 .comment       0x00000000       0x31 src/modules/timer0.o
 .comment       0x00000000       0x31 src/modules/buttons.o
 .comment       0x00000000       0x31 src/modules/lcd12864.o

.note.gnu.build-id
 *(.note.gnu.build-id)

.debug
 *(.debug)

.line
 *(.line)

.debug_srcinfo
 *(.debug_srcinfo)

.debug_sfnames
 *(.debug_sfnames)

.debug_aranges  0x00000000      0x250
 *(.debug_aranges)
 .debug_aranges
                0x00000000       0x20 src/main.o
 .debug_aranges
                0x00000020       0x28 src/modules/actions.o
 .debug_aranges
                0x00000048       0x30 src/modules/adc.o
 .debug_aranges
                0x00000078       0x60 src/modules/emv.o
 .debug_aranges
                0x000000d8       0x30 src/modules/io.o
 .debug_aranges
                0x00000108       0x48 src/modules/menu.o
 .debug_aranges
                0x00000150       0x50 src/modules/timer0.o
 .debug_aranges
                0x000001a0       0x38 src/modules/buttons.o
 .debug_aranges
                0x000001d8       0x78 src/modules/lcd12864.o

.debug_pubnames
 *(.debug_pubnames)

.debug_info     0x00000000     0x1f84
 *(.debug_info .gnu.linkonce.wi.*)
 .debug_info    0x00000000      0x19d src/main.o
 .debug_info    0x0000019d      0x538 src/modules/actions.o
 .debug_info    0x000006d5      0x196 src/modules/adc.o
 .debug_info    0x0000086b      0x3af src/modules/emv.o
 .debug_info    0x00000c1a       0xdc src/modules/io.o
 .debug_info    0x00000cf6      0x5f4 src/modules/menu.o
 .debug_info    0x000012ea      0x298 src/modules/timer0.o
 .debug_info    0x00001582      0x17b src/modules/buttons.o
 .debug_info    0x000016fd      0x887 src/modules/lcd12864.o

.debug_abbrev   0x00000000      0xbe3
 *(.debug_abbrev)
 .debug_abbrev  0x00000000       0xa7 src/main.o
 .debug_abbrev  0x000000a7      0x1da src/modules/actions.o
 .debug_abbrev  0x00000281      0x131 src/modules/adc.o
 .debug_abbrev  0x000003b2      0x166 src/modules/emv.o
 .debug_abbrev  0x00000518       0xa4 src/modules/io.o
 .debug_abbrev  0x000005bc      0x1f4 src/modules/menu.o
 .debug_abbrev  0x000007b0      0x135 src/modules/timer0.o
 .debug_abbrev  0x000008e5       0xea src/modules/buttons.o
 .debug_abbrev  0x000009cf      0x214 src/modules/lcd12864.o

.debug_line     0x00000000     0x3dcc
 *(.debug_line .debug_line.* .debug_line_end)
 .debug_line    0x00000000      0x5db src/main.o
 .debug_line    0x000005db      0x669 src/modules/actions.o
 .debug_line    0x00000c44      0x629 src/modules/adc.o
 .debug_line    0x0000126d      0x713 src/modules/emv.o
 .debug_line    0x00001980      0x521 src/modules/io.o
 .debug_line    0x00001ea1      0x9e4 src/modules/menu.o
 .debug_line    0x00002885      0x6b9 src/modules/timer0.o
 .debug_line    0x00002f3e      0x5f8 src/modules/buttons.o
 .debug_line    0x00003536      0x896 src/modules/lcd12864.o

.debug_frame    0x00000000      0x530
 *(.debug_frame)
 .debug_frame   0x00000000       0x24 src/main.o
 .debug_frame   0x00000024       0x64 src/modules/actions.o
 .debug_frame   0x00000088       0x60 src/modules/adc.o
 .debug_frame   0x000000e8       0xa4 src/modules/emv.o
 .debug_frame   0x0000018c       0x44 src/modules/io.o
 .debug_frame   0x000001d0       0x74 src/modules/menu.o
 .debug_frame   0x00000244       0xec src/modules/timer0.o
 .debug_frame   0x00000330       0x9c src/modules/buttons.o
 .debug_frame   0x000003cc      0x164 src/modules/lcd12864.o

.debug_str      0x00000000    0x10dd4
 *(.debug_str)
 .debug_str     0x00000000    0x1055c src/main.o
                              0x106f3 (size before relaxing)
 .debug_str     0x0001055c      0x177 src/modules/actions.o
                              0x10224 (size before relaxing)
 .debug_str     0x000106d3       0x80 src/modules/adc.o
                               0xfdcb (size before relaxing)
 .debug_str     0x00010753       0xef src/modules/emv.o
                               0xff97 (size before relaxing)
 .debug_str     0x00010842       0x20 src/modules/io.o
                               0xf979 (size before relaxing)
 .debug_str     0x00010862      0x1f5 src/modules/menu.o
                              0x10463 (size before relaxing)
 .debug_str     0x00010a57       0xde src/modules/timer0.o
                               0xfac7 (size before relaxing)
 .debug_str     0x00010b35       0x6f src/modules/buttons.o
                               0xfd87 (size before relaxing)
 .debug_str     0x00010ba4      0x230 src/modules/lcd12864.o
                               0xfe8e (size before relaxing)

.debug_loc      0x00000000     0x1222
 *(.debug_loc)
 .debug_loc     0x00000000      0x138 src/modules/actions.o
 .debug_loc     0x00000138      0x1dd src/modules/adc.o
 .debug_loc     0x00000315       0xc1 src/modules/emv.o
 .debug_loc     0x000003d6       0x3a src/modules/io.o
 .debug_loc     0x00000410       0xd3 src/modules/menu.o
 .debug_loc     0x000004e3      0x3e4 src/modules/timer0.o
 .debug_loc     0x000008c7      0x125 src/modules/buttons.o
 .debug_loc     0x000009ec      0x836 src/modules/lcd12864.o

.debug_macinfo
 *(.debug_macinfo)

.debug_weaknames
 *(.debug_weaknames)

.debug_funcnames
 *(.debug_funcnames)

.debug_typenames
 *(.debug_typenames)

.debug_varnames
 *(.debug_varnames)

.debug_pubtypes
 *(.debug_pubtypes)

.debug_ranges   0x00000000      0x1c0
 *(.debug_ranges)
 .debug_ranges  0x00000000       0x10 src/main.o
 .debug_ranges  0x00000010       0x18 src/modules/actions.o
 .debug_ranges  0x00000028       0x20 src/modules/adc.o
 .debug_ranges  0x00000048       0x50 src/modules/emv.o
 .debug_ranges  0x00000098       0x20 src/modules/io.o
 .debug_ranges  0x000000b8       0x38 src/modules/menu.o
 .debug_ranges  0x000000f0       0x40 src/modules/timer0.o
 .debug_ranges  0x00000130       0x28 src/modules/buttons.o
 .debug_ranges  0x00000158       0x68 src/modules/lcd12864.o

.debug_macro    0x00000000     0x1553
 *(.debug_macro)
 .debug_macro   0x00000000      0x213 src/main.o
 .debug_macro   0x00000213       0x22 src/main.o
 .debug_macro   0x00000235       0x28 src/main.o
 .debug_macro   0x0000025d       0x1d src/main.o
 .debug_macro   0x0000027a       0x76 src/main.o
 .debug_macro   0x000002f0       0x64 src/main.o
 .debug_macro   0x00000354       0x16 src/main.o
 .debug_macro   0x0000036a       0xf4 src/main.o
 .debug_macro   0x0000045e       0x16 src/main.o
 .debug_macro   0x00000474       0x46 src/main.o
 .debug_macro   0x000004ba       0x34 src/main.o
 .debug_macro   0x000004ee       0x10 src/main.o
 .debug_macro   0x000004fe      0x167 src/main.o
 .debug_macro   0x00000665      0x1ff src/modules/actions.o
 .debug_macro   0x00000864       0x70 src/modules/actions.o
 .debug_macro   0x000008d4      0x1c9 src/modules/adc.o
 .debug_macro   0x00000a9d      0x1d2 src/modules/emv.o
 .debug_macro   0x00000c6f      0x1ad src/modules/io.o
 .debug_macro   0x00000e1c      0x1ea src/modules/menu.o
 .debug_macro   0x00001006      0x1ad src/modules/timer0.o
 .debug_macro   0x000011b3      0x1bf src/modules/buttons.o
 .debug_macro   0x00001372      0x1cb src/modules/lcd12864.o
 .debug_macro   0x0000153d       0x16 src/modules/lcd12864.o
OUTPUT(AVR.elf elf32-avr)
LOAD linker stubs
